Archive member included to satisfy reference by file (symbol)

/Users/chenxiaonian/tool/gcc-arm-none-eabi-10.3-2021.07-mac-10.14.6/gcc-arm-none-eabi-10.3-2021.07/bin/../lib/gcc/arm-none-eabi/10.3.1/../../../../arm-none-eabi/lib/thumb/v6-m/nofp/libc_nano.a(lib_a-exit.o)
                              /Users/chenxiaonian/tool/gcc-arm-none-eabi-10.3-2021.07-mac-10.14.6/gcc-arm-none-eabi-10.3-2021.07/bin/../lib/gcc/arm-none-eabi/10.3.1/../../../../arm-none-eabi/lib/thumb/v6-m/nofp/crt0.o (exit)
/Users/chenxiaonian/tool/gcc-arm-none-eabi-10.3-2021.07-mac-10.14.6/gcc-arm-none-eabi-10.3-2021.07/bin/../lib/gcc/arm-none-eabi/10.3.1/../../../../arm-none-eabi/lib/thumb/v6-m/nofp/libc_nano.a(lib_a-impure.o)
                              /Users/chenxiaonian/tool/gcc-arm-none-eabi-10.3-2021.07-mac-10.14.6/gcc-arm-none-eabi-10.3-2021.07/bin/../lib/gcc/arm-none-eabi/10.3.1/../../../../arm-none-eabi/lib/thumb/v6-m/nofp/libc_nano.a(lib_a-exit.o) (_global_impure_ptr)
/Users/chenxiaonian/tool/gcc-arm-none-eabi-10.3-2021.07-mac-10.14.6/gcc-arm-none-eabi-10.3-2021.07/bin/../lib/gcc/arm-none-eabi/10.3.1/../../../../arm-none-eabi/lib/thumb/v6-m/nofp/libc_nano.a(lib_a-init.o)
                              /Users/chenxiaonian/tool/gcc-arm-none-eabi-10.3-2021.07-mac-10.14.6/gcc-arm-none-eabi-10.3-2021.07/bin/../lib/gcc/arm-none-eabi/10.3.1/../../../../arm-none-eabi/lib/thumb/v6-m/nofp/crt0.o (__libc_init_array)
/Users/chenxiaonian/tool/gcc-arm-none-eabi-10.3-2021.07-mac-10.14.6/gcc-arm-none-eabi-10.3-2021.07/bin/../lib/gcc/arm-none-eabi/10.3.1/../../../../arm-none-eabi/lib/thumb/v6-m/nofp/libc_nano.a(lib_a-memset.o)
                              /Users/chenxiaonian/tool/gcc-arm-none-eabi-10.3-2021.07-mac-10.14.6/gcc-arm-none-eabi-10.3-2021.07/bin/../lib/gcc/arm-none-eabi/10.3.1/../../../../arm-none-eabi/lib/thumb/v6-m/nofp/crt0.o (memset)
/Users/chenxiaonian/tool/gcc-arm-none-eabi-10.3-2021.07-mac-10.14.6/gcc-arm-none-eabi-10.3-2021.07/bin/../lib/gcc/arm-none-eabi/10.3.1/../../../../arm-none-eabi/lib/thumb/v6-m/nofp/libnosys.a(_exit.o)
                              /Users/chenxiaonian/tool/gcc-arm-none-eabi-10.3-2021.07-mac-10.14.6/gcc-arm-none-eabi-10.3-2021.07/bin/../lib/gcc/arm-none-eabi/10.3.1/../../../../arm-none-eabi/lib/thumb/v6-m/nofp/libc_nano.a(lib_a-exit.o) (_exit)
/Users/chenxiaonian/tool/gcc-arm-none-eabi-10.3-2021.07-mac-10.14.6/gcc-arm-none-eabi-10.3-2021.07/bin/../lib/gcc/arm-none-eabi/10.3.1/thumb/v6-m/nofp/libgcc.a(_udivsi3.o)
                              build/delay.o (__aeabi_uidiv)
/Users/chenxiaonian/tool/gcc-arm-none-eabi-10.3-2021.07-mac-10.14.6/gcc-arm-none-eabi-10.3-2021.07/bin/../lib/gcc/arm-none-eabi/10.3.1/thumb/v6-m/nofp/libgcc.a(_dvmd_tls.o)
                              /Users/chenxiaonian/tool/gcc-arm-none-eabi-10.3-2021.07-mac-10.14.6/gcc-arm-none-eabi-10.3-2021.07/bin/../lib/gcc/arm-none-eabi/10.3.1/thumb/v6-m/nofp/libgcc.a(_udivsi3.o) (__aeabi_idiv0)

Discarded input sections

 .text          0x0000000000000000        0x0 /Users/chenxiaonian/tool/gcc-arm-none-eabi-10.3-2021.07-mac-10.14.6/gcc-arm-none-eabi-10.3-2021.07/bin/../lib/gcc/arm-none-eabi/10.3.1/thumb/v6-m/nofp/crti.o
 .data          0x0000000000000000        0x0 /Users/chenxiaonian/tool/gcc-arm-none-eabi-10.3-2021.07-mac-10.14.6/gcc-arm-none-eabi-10.3-2021.07/bin/../lib/gcc/arm-none-eabi/10.3.1/thumb/v6-m/nofp/crti.o
 .bss           0x0000000000000000        0x0 /Users/chenxiaonian/tool/gcc-arm-none-eabi-10.3-2021.07-mac-10.14.6/gcc-arm-none-eabi-10.3-2021.07/bin/../lib/gcc/arm-none-eabi/10.3.1/thumb/v6-m/nofp/crti.o
 .data          0x0000000000000000        0x4 /Users/chenxiaonian/tool/gcc-arm-none-eabi-10.3-2021.07-mac-10.14.6/gcc-arm-none-eabi-10.3-2021.07/bin/../lib/gcc/arm-none-eabi/10.3.1/thumb/v6-m/nofp/crtbegin.o
 .rodata        0x0000000000000000       0x24 /Users/chenxiaonian/tool/gcc-arm-none-eabi-10.3-2021.07-mac-10.14.6/gcc-arm-none-eabi-10.3-2021.07/bin/../lib/gcc/arm-none-eabi/10.3.1/thumb/v6-m/nofp/crtbegin.o
 .text          0x0000000000000000       0x80 /Users/chenxiaonian/tool/gcc-arm-none-eabi-10.3-2021.07-mac-10.14.6/gcc-arm-none-eabi-10.3-2021.07/bin/../lib/gcc/arm-none-eabi/10.3.1/../../../../arm-none-eabi/lib/thumb/v6-m/nofp/crt0.o
 .data          0x0000000000000000        0x0 /Users/chenxiaonian/tool/gcc-arm-none-eabi-10.3-2021.07-mac-10.14.6/gcc-arm-none-eabi-10.3-2021.07/bin/../lib/gcc/arm-none-eabi/10.3.1/../../../../arm-none-eabi/lib/thumb/v6-m/nofp/crt0.o
 .bss           0x0000000000000000        0x0 /Users/chenxiaonian/tool/gcc-arm-none-eabi-10.3-2021.07-mac-10.14.6/gcc-arm-none-eabi-10.3-2021.07/bin/../lib/gcc/arm-none-eabi/10.3.1/../../../../arm-none-eabi/lib/thumb/v6-m/nofp/crt0.o
 .ARM.extab     0x0000000000000000        0x0 /Users/chenxiaonian/tool/gcc-arm-none-eabi-10.3-2021.07-mac-10.14.6/gcc-arm-none-eabi-10.3-2021.07/bin/../lib/gcc/arm-none-eabi/10.3.1/../../../../arm-none-eabi/lib/thumb/v6-m/nofp/crt0.o
 .ARM.exidx     0x0000000000000000       0x10 /Users/chenxiaonian/tool/gcc-arm-none-eabi-10.3-2021.07-mac-10.14.6/gcc-arm-none-eabi-10.3-2021.07/bin/../lib/gcc/arm-none-eabi/10.3.1/../../../../arm-none-eabi/lib/thumb/v6-m/nofp/crt0.o
 .ARM.attributes
                0x0000000000000000       0x1b /Users/chenxiaonian/tool/gcc-arm-none-eabi-10.3-2021.07-mac-10.14.6/gcc-arm-none-eabi-10.3-2021.07/bin/../lib/gcc/arm-none-eabi/10.3.1/../../../../arm-none-eabi/lib/thumb/v6-m/nofp/crt0.o
 .text          0x0000000000000000        0x0 build/main.o
 .data          0x0000000000000000        0x0 build/main.o
 .bss           0x0000000000000000        0x0 build/main.o
 .text          0x0000000000000000        0x0 build/delay.o
 .data          0x0000000000000000        0x0 build/delay.o
 .bss           0x0000000000000000        0x0 build/delay.o
 .text.delay_us
                0x0000000000000000       0x40 build/delay.o
 .text          0x0000000000000000        0x0 build/hk32f0xx_it.o
 .data          0x0000000000000000        0x0 build/hk32f0xx_it.o
 .bss           0x0000000000000000        0x0 build/hk32f0xx_it.o
 .text          0x0000000000000000        0x0 build/led.o
 .data          0x0000000000000000        0x0 build/led.o
 .bss           0x0000000000000000        0x0 build/led.o
 .text          0x0000000000000000        0x0 build/hk32f0xx_gpio.o
 .data          0x0000000000000000        0x0 build/hk32f0xx_gpio.o
 .bss           0x0000000000000000        0x0 build/hk32f0xx_gpio.o
 .text.GPIO_DeInit
                0x0000000000000000       0xc4 build/hk32f0xx_gpio.o
 .text.GPIO_StructInit
                0x0000000000000000       0x18 build/hk32f0xx_gpio.o
 .text.GPIO_PinLockConfig
                0x0000000000000000       0x24 build/hk32f0xx_gpio.o
 .text.GPIO_ReadInputDataBit
                0x0000000000000000        0xe build/hk32f0xx_gpio.o
 .text.GPIO_ReadInputData
                0x0000000000000000        0x6 build/hk32f0xx_gpio.o
 .text.GPIO_ReadOutputDataBit
                0x0000000000000000        0xe build/hk32f0xx_gpio.o
 .text.GPIO_ReadOutputData
                0x0000000000000000        0x6 build/hk32f0xx_gpio.o
 .text.GPIO_WriteBit
                0x0000000000000000        0xc build/hk32f0xx_gpio.o
 .text.GPIO_Write
                0x0000000000000000        0x4 build/hk32f0xx_gpio.o
 .text.GPIO_PinAFConfig
                0x0000000000000000       0x24 build/hk32f0xx_gpio.o
 .text          0x0000000000000000        0x0 build/hk32f0xx_misc.o
 .data          0x0000000000000000        0x0 build/hk32f0xx_misc.o
 .bss           0x0000000000000000        0x0 build/hk32f0xx_misc.o
 .text.NVIC_Init
                0x0000000000000000       0x54 build/hk32f0xx_misc.o
 .text.NVIC_SystemLPConfig
                0x0000000000000000       0x1c build/hk32f0xx_misc.o
 .text          0x0000000000000000        0x0 build/hk32f0xx_rcc.o
 .data          0x0000000000000000        0x0 build/hk32f0xx_rcc.o
 .bss           0x0000000000000000        0x0 build/hk32f0xx_rcc.o
 .text.RCC_DeInit
                0x0000000000000000       0x60 build/hk32f0xx_rcc.o
 .text.RCC_HSEConfig
                0x0000000000000000       0x10 build/hk32f0xx_rcc.o
 .text.RCC_AdjustHSICalibrationValue
                0x0000000000000000       0x14 build/hk32f0xx_rcc.o
 .text.RCC_HSICmd
                0x0000000000000000       0x20 build/hk32f0xx_rcc.o
 .text.RCC_AdjustHSI14CalibrationValue
                0x0000000000000000       0x14 build/hk32f0xx_rcc.o
 .text.RCC_HSI14Cmd
                0x0000000000000000       0x20 build/hk32f0xx_rcc.o
 .text.RCC_HSI14ADCRequestCmd
                0x0000000000000000       0x20 build/hk32f0xx_rcc.o
 .text.RCC_LSEConfig
                0x0000000000000000       0x20 build/hk32f0xx_rcc.o
 .text.RCC_LSEDriveConfig
                0x0000000000000000       0x18 build/hk32f0xx_rcc.o
 .text.RCC_LSICmd
                0x0000000000000000       0x20 build/hk32f0xx_rcc.o
 .text.RCC_PLLConfig
                0x0000000000000000       0x20 build/hk32f0xx_rcc.o
 .text.RCC_PLLCmd
                0x0000000000000000       0x28 build/hk32f0xx_rcc.o
 .text.RCC_HSI48Cmd
                0x0000000000000000       0x28 build/hk32f0xx_rcc.o
 .text.RCC_PREDIV1Config
                0x0000000000000000       0x14 build/hk32f0xx_rcc.o
 .text.RCC_ClockSecuritySystemCmd
                0x0000000000000000       0x28 build/hk32f0xx_rcc.o
 .text.RCC_MCOConfig
                0x0000000000000000       0x18 build/hk32f0xx_rcc.o
 .text.RCC_SYSCLKConfig
                0x0000000000000000       0x14 build/hk32f0xx_rcc.o
 .text.RCC_GetSYSCLKSource
                0x0000000000000000       0x10 build/hk32f0xx_rcc.o
 .text.RCC_HCLKConfig
                0x0000000000000000       0x14 build/hk32f0xx_rcc.o
 .text.RCC_PCLKConfig
                0x0000000000000000       0x18 build/hk32f0xx_rcc.o
 .text.RCC_ADCCLKConfig
                0x0000000000000000       0x34 build/hk32f0xx_rcc.o
 .text.RCC_CECCLKConfig
                0x0000000000000000       0x18 build/hk32f0xx_rcc.o
 .text.RCC_I2CCLKConfig
                0x0000000000000000       0x18 build/hk32f0xx_rcc.o
 .text.RCC_USARTCLKConfig
                0x0000000000000000       0x44 build/hk32f0xx_rcc.o
 .text.RCC_USBCLKConfig
                0x0000000000000000       0x18 build/hk32f0xx_rcc.o
 .text.RCC_GetClocksFreq
                0x0000000000000000      0x1fc build/hk32f0xx_rcc.o
 .text.RCC_RTCCLKConfig
                0x0000000000000000       0x10 build/hk32f0xx_rcc.o
 .text.RCC_RTCCLKCmd
                0x0000000000000000       0x28 build/hk32f0xx_rcc.o
 .text.RCC_BackupResetCmd
                0x0000000000000000       0x28 build/hk32f0xx_rcc.o
 .text.RCC_APB2PeriphClockCmd
                0x0000000000000000       0x1c build/hk32f0xx_rcc.o
 .text.RCC_APB1PeriphClockCmd
                0x0000000000000000       0x1c build/hk32f0xx_rcc.o
 .text.RCC_AHBPeriphResetCmd
                0x0000000000000000       0x1c build/hk32f0xx_rcc.o
 .text.RCC_APB2PeriphResetCmd
                0x0000000000000000       0x1c build/hk32f0xx_rcc.o
 .text.RCC_APB1PeriphResetCmd
                0x0000000000000000       0x1c build/hk32f0xx_rcc.o
 .text.RCC_ITConfig
                0x0000000000000000       0x1c build/hk32f0xx_rcc.o
 .text.RCC_GetFlagStatus
                0x0000000000000000       0x38 build/hk32f0xx_rcc.o
 .text.RCC_WaitForHSEStartUp
                0x0000000000000000       0x32 build/hk32f0xx_rcc.o
 .text.RCC_ClearFlag
                0x0000000000000000       0x14 build/hk32f0xx_rcc.o
 .text.RCC_GetITStatus
                0x0000000000000000       0x14 build/hk32f0xx_rcc.o
 .text.RCC_ClearITPendingBit
                0x0000000000000000        0xc build/hk32f0xx_rcc.o
 .data.APBAHBPrescTable
                0x0000000000000000       0x10 build/hk32f0xx_rcc.o
 .text          0x0000000000000000        0x0 build/system_hk32f0xx.o
 .data          0x0000000000000000        0x0 build/system_hk32f0xx.o
 .bss           0x0000000000000000        0x0 build/system_hk32f0xx.o
 .text.SystemCoreClockUpdate
                0x0000000000000000       0x98 build/system_hk32f0xx.o
 .data.AHBPrescTable
                0x0000000000000000       0x10 build/system_hk32f0xx.o
 .text          0x0000000000000000       0x14 build/startup_hk32f030x8_gcc.o
 .data          0x0000000000000000        0x0 build/startup_hk32f030x8_gcc.o
 .bss           0x0000000000000000        0x0 build/startup_hk32f030x8_gcc.o
 .text          0x0000000000000000        0x0 /Users/chenxiaonian/tool/gcc-arm-none-eabi-10.3-2021.07-mac-10.14.6/gcc-arm-none-eabi-10.3-2021.07/bin/../lib/gcc/arm-none-eabi/10.3.1/../../../../arm-none-eabi/lib/thumb/v6-m/nofp/libc_nano.a(lib_a-exit.o)
 .data          0x0000000000000000        0x0 /Users/chenxiaonian/tool/gcc-arm-none-eabi-10.3-2021.07-mac-10.14.6/gcc-arm-none-eabi-10.3-2021.07/bin/../lib/gcc/arm-none-eabi/10.3.1/../../../../arm-none-eabi/lib/thumb/v6-m/nofp/libc_nano.a(lib_a-exit.o)
 .bss           0x0000000000000000        0x0 /Users/chenxiaonian/tool/gcc-arm-none-eabi-10.3-2021.07-mac-10.14.6/gcc-arm-none-eabi-10.3-2021.07/bin/../lib/gcc/arm-none-eabi/10.3.1/../../../../arm-none-eabi/lib/thumb/v6-m/nofp/libc_nano.a(lib_a-exit.o)
 .text.exit     0x0000000000000000       0x2c /Users/chenxiaonian/tool/gcc-arm-none-eabi-10.3-2021.07-mac-10.14.6/gcc-arm-none-eabi-10.3-2021.07/bin/../lib/gcc/arm-none-eabi/10.3.1/../../../../arm-none-eabi/lib/thumb/v6-m/nofp/libc_nano.a(lib_a-exit.o)
 .debug_frame   0x0000000000000000       0x28 /Users/chenxiaonian/tool/gcc-arm-none-eabi-10.3-2021.07-mac-10.14.6/gcc-arm-none-eabi-10.3-2021.07/bin/../lib/gcc/arm-none-eabi/10.3.1/../../../../arm-none-eabi/lib/thumb/v6-m/nofp/libc_nano.a(lib_a-exit.o)
 .ARM.attributes
                0x0000000000000000       0x2c /Users/chenxiaonian/tool/gcc-arm-none-eabi-10.3-2021.07-mac-10.14.6/gcc-arm-none-eabi-10.3-2021.07/bin/../lib/gcc/arm-none-eabi/10.3.1/../../../../arm-none-eabi/lib/thumb/v6-m/nofp/libc_nano.a(lib_a-exit.o)
 .text          0x0000000000000000        0x0 /Users/chenxiaonian/tool/gcc-arm-none-eabi-10.3-2021.07-mac-10.14.6/gcc-arm-none-eabi-10.3-2021.07/bin/../lib/gcc/arm-none-eabi/10.3.1/../../../../arm-none-eabi/lib/thumb/v6-m/nofp/libc_nano.a(lib_a-impure.o)
 .data          0x0000000000000000        0x0 /Users/chenxiaonian/tool/gcc-arm-none-eabi-10.3-2021.07-mac-10.14.6/gcc-arm-none-eabi-10.3-2021.07/bin/../lib/gcc/arm-none-eabi/10.3.1/../../../../arm-none-eabi/lib/thumb/v6-m/nofp/libc_nano.a(lib_a-impure.o)
 .bss           0x0000000000000000        0x0 /Users/chenxiaonian/tool/gcc-arm-none-eabi-10.3-2021.07-mac-10.14.6/gcc-arm-none-eabi-10.3-2021.07/bin/../lib/gcc/arm-none-eabi/10.3.1/../../../../arm-none-eabi/lib/thumb/v6-m/nofp/libc_nano.a(lib_a-impure.o)
 .data._impure_ptr
                0x0000000000000000        0x4 /Users/chenxiaonian/tool/gcc-arm-none-eabi-10.3-2021.07-mac-10.14.6/gcc-arm-none-eabi-10.3-2021.07/bin/../lib/gcc/arm-none-eabi/10.3.1/../../../../arm-none-eabi/lib/thumb/v6-m/nofp/libc_nano.a(lib_a-impure.o)
 .data.impure_data
                0x0000000000000000       0x60 /Users/chenxiaonian/tool/gcc-arm-none-eabi-10.3-2021.07-mac-10.14.6/gcc-arm-none-eabi-10.3-2021.07/bin/../lib/gcc/arm-none-eabi/10.3.1/../../../../arm-none-eabi/lib/thumb/v6-m/nofp/libc_nano.a(lib_a-impure.o)
 .rodata._global_impure_ptr
                0x0000000000000000        0x4 /Users/chenxiaonian/tool/gcc-arm-none-eabi-10.3-2021.07-mac-10.14.6/gcc-arm-none-eabi-10.3-2021.07/bin/../lib/gcc/arm-none-eabi/10.3.1/../../../../arm-none-eabi/lib/thumb/v6-m/nofp/libc_nano.a(lib_a-impure.o)
 .ARM.attributes
                0x0000000000000000       0x2c /Users/chenxiaonian/tool/gcc-arm-none-eabi-10.3-2021.07-mac-10.14.6/gcc-arm-none-eabi-10.3-2021.07/bin/../lib/gcc/arm-none-eabi/10.3.1/../../../../arm-none-eabi/lib/thumb/v6-m/nofp/libc_nano.a(lib_a-impure.o)
 .text          0x0000000000000000        0x0 /Users/chenxiaonian/tool/gcc-arm-none-eabi-10.3-2021.07-mac-10.14.6/gcc-arm-none-eabi-10.3-2021.07/bin/../lib/gcc/arm-none-eabi/10.3.1/../../../../arm-none-eabi/lib/thumb/v6-m/nofp/libc_nano.a(lib_a-init.o)
 .data          0x0000000000000000        0x0 /Users/chenxiaonian/tool/gcc-arm-none-eabi-10.3-2021.07-mac-10.14.6/gcc-arm-none-eabi-10.3-2021.07/bin/../lib/gcc/arm-none-eabi/10.3.1/../../../../arm-none-eabi/lib/thumb/v6-m/nofp/libc_nano.a(lib_a-init.o)
 .bss           0x0000000000000000        0x0 /Users/chenxiaonian/tool/gcc-arm-none-eabi-10.3-2021.07-mac-10.14.6/gcc-arm-none-eabi-10.3-2021.07/bin/../lib/gcc/arm-none-eabi/10.3.1/../../../../arm-none-eabi/lib/thumb/v6-m/nofp/libc_nano.a(lib_a-init.o)
 .text          0x0000000000000000        0x0 /Users/chenxiaonian/tool/gcc-arm-none-eabi-10.3-2021.07-mac-10.14.6/gcc-arm-none-eabi-10.3-2021.07/bin/../lib/gcc/arm-none-eabi/10.3.1/../../../../arm-none-eabi/lib/thumb/v6-m/nofp/libc_nano.a(lib_a-memset.o)
 .data          0x0000000000000000        0x0 /Users/chenxiaonian/tool/gcc-arm-none-eabi-10.3-2021.07-mac-10.14.6/gcc-arm-none-eabi-10.3-2021.07/bin/../lib/gcc/arm-none-eabi/10.3.1/../../../../arm-none-eabi/lib/thumb/v6-m/nofp/libc_nano.a(lib_a-memset.o)
 .bss           0x0000000000000000        0x0 /Users/chenxiaonian/tool/gcc-arm-none-eabi-10.3-2021.07-mac-10.14.6/gcc-arm-none-eabi-10.3-2021.07/bin/../lib/gcc/arm-none-eabi/10.3.1/../../../../arm-none-eabi/lib/thumb/v6-m/nofp/libc_nano.a(lib_a-memset.o)
 .text.memset   0x0000000000000000       0x10 /Users/chenxiaonian/tool/gcc-arm-none-eabi-10.3-2021.07-mac-10.14.6/gcc-arm-none-eabi-10.3-2021.07/bin/../lib/gcc/arm-none-eabi/10.3.1/../../../../arm-none-eabi/lib/thumb/v6-m/nofp/libc_nano.a(lib_a-memset.o)
 .debug_frame   0x0000000000000000       0x20 /Users/chenxiaonian/tool/gcc-arm-none-eabi-10.3-2021.07-mac-10.14.6/gcc-arm-none-eabi-10.3-2021.07/bin/../lib/gcc/arm-none-eabi/10.3.1/../../../../arm-none-eabi/lib/thumb/v6-m/nofp/libc_nano.a(lib_a-memset.o)
 .ARM.attributes
                0x0000000000000000       0x2c /Users/chenxiaonian/tool/gcc-arm-none-eabi-10.3-2021.07-mac-10.14.6/gcc-arm-none-eabi-10.3-2021.07/bin/../lib/gcc/arm-none-eabi/10.3.1/../../../../arm-none-eabi/lib/thumb/v6-m/nofp/libc_nano.a(lib_a-memset.o)
 .text          0x0000000000000000        0x0 /Users/chenxiaonian/tool/gcc-arm-none-eabi-10.3-2021.07-mac-10.14.6/gcc-arm-none-eabi-10.3-2021.07/bin/../lib/gcc/arm-none-eabi/10.3.1/../../../../arm-none-eabi/lib/thumb/v6-m/nofp/libnosys.a(_exit.o)
 .data          0x0000000000000000        0x0 /Users/chenxiaonian/tool/gcc-arm-none-eabi-10.3-2021.07-mac-10.14.6/gcc-arm-none-eabi-10.3-2021.07/bin/../lib/gcc/arm-none-eabi/10.3.1/../../../../arm-none-eabi/lib/thumb/v6-m/nofp/libnosys.a(_exit.o)
 .bss           0x0000000000000000        0x0 /Users/chenxiaonian/tool/gcc-arm-none-eabi-10.3-2021.07-mac-10.14.6/gcc-arm-none-eabi-10.3-2021.07/bin/../lib/gcc/arm-none-eabi/10.3.1/../../../../arm-none-eabi/lib/thumb/v6-m/nofp/libnosys.a(_exit.o)
 .text._exit    0x0000000000000000        0x4 /Users/chenxiaonian/tool/gcc-arm-none-eabi-10.3-2021.07-mac-10.14.6/gcc-arm-none-eabi-10.3-2021.07/bin/../lib/gcc/arm-none-eabi/10.3.1/../../../../arm-none-eabi/lib/thumb/v6-m/nofp/libnosys.a(_exit.o)
 .debug_frame   0x0000000000000000       0x20 /Users/chenxiaonian/tool/gcc-arm-none-eabi-10.3-2021.07-mac-10.14.6/gcc-arm-none-eabi-10.3-2021.07/bin/../lib/gcc/arm-none-eabi/10.3.1/../../../../arm-none-eabi/lib/thumb/v6-m/nofp/libnosys.a(_exit.o)
 .ARM.attributes
                0x0000000000000000       0x2c /Users/chenxiaonian/tool/gcc-arm-none-eabi-10.3-2021.07-mac-10.14.6/gcc-arm-none-eabi-10.3-2021.07/bin/../lib/gcc/arm-none-eabi/10.3.1/../../../../arm-none-eabi/lib/thumb/v6-m/nofp/libnosys.a(_exit.o)
 .data          0x0000000000000000        0x0 /Users/chenxiaonian/tool/gcc-arm-none-eabi-10.3-2021.07-mac-10.14.6/gcc-arm-none-eabi-10.3-2021.07/bin/../lib/gcc/arm-none-eabi/10.3.1/thumb/v6-m/nofp/libgcc.a(_udivsi3.o)
 .bss           0x0000000000000000        0x0 /Users/chenxiaonian/tool/gcc-arm-none-eabi-10.3-2021.07-mac-10.14.6/gcc-arm-none-eabi-10.3-2021.07/bin/../lib/gcc/arm-none-eabi/10.3.1/thumb/v6-m/nofp/libgcc.a(_udivsi3.o)
 .data          0x0000000000000000        0x0 /Users/chenxiaonian/tool/gcc-arm-none-eabi-10.3-2021.07-mac-10.14.6/gcc-arm-none-eabi-10.3-2021.07/bin/../lib/gcc/arm-none-eabi/10.3.1/thumb/v6-m/nofp/libgcc.a(_dvmd_tls.o)
 .bss           0x0000000000000000        0x0 /Users/chenxiaonian/tool/gcc-arm-none-eabi-10.3-2021.07-mac-10.14.6/gcc-arm-none-eabi-10.3-2021.07/bin/../lib/gcc/arm-none-eabi/10.3.1/thumb/v6-m/nofp/libgcc.a(_dvmd_tls.o)
 .text          0x0000000000000000        0x0 /Users/chenxiaonian/tool/gcc-arm-none-eabi-10.3-2021.07-mac-10.14.6/gcc-arm-none-eabi-10.3-2021.07/bin/../lib/gcc/arm-none-eabi/10.3.1/thumb/v6-m/nofp/crtend.o
 .data          0x0000000000000000        0x0 /Users/chenxiaonian/tool/gcc-arm-none-eabi-10.3-2021.07-mac-10.14.6/gcc-arm-none-eabi-10.3-2021.07/bin/../lib/gcc/arm-none-eabi/10.3.1/thumb/v6-m/nofp/crtend.o
 .bss           0x0000000000000000        0x0 /Users/chenxiaonian/tool/gcc-arm-none-eabi-10.3-2021.07-mac-10.14.6/gcc-arm-none-eabi-10.3-2021.07/bin/../lib/gcc/arm-none-eabi/10.3.1/thumb/v6-m/nofp/crtend.o
 .rodata        0x0000000000000000       0x24 /Users/chenxiaonian/tool/gcc-arm-none-eabi-10.3-2021.07-mac-10.14.6/gcc-arm-none-eabi-10.3-2021.07/bin/../lib/gcc/arm-none-eabi/10.3.1/thumb/v6-m/nofp/crtend.o
 .eh_frame      0x0000000000000000        0x4 /Users/chenxiaonian/tool/gcc-arm-none-eabi-10.3-2021.07-mac-10.14.6/gcc-arm-none-eabi-10.3-2021.07/bin/../lib/gcc/arm-none-eabi/10.3.1/thumb/v6-m/nofp/crtend.o
 .ARM.attributes
                0x0000000000000000       0x2c /Users/chenxiaonian/tool/gcc-arm-none-eabi-10.3-2021.07-mac-10.14.6/gcc-arm-none-eabi-10.3-2021.07/bin/../lib/gcc/arm-none-eabi/10.3.1/thumb/v6-m/nofp/crtend.o
 .text          0x0000000000000000        0x0 /Users/chenxiaonian/tool/gcc-arm-none-eabi-10.3-2021.07-mac-10.14.6/gcc-arm-none-eabi-10.3-2021.07/bin/../lib/gcc/arm-none-eabi/10.3.1/thumb/v6-m/nofp/crtn.o
 .data          0x0000000000000000        0x0 /Users/chenxiaonian/tool/gcc-arm-none-eabi-10.3-2021.07-mac-10.14.6/gcc-arm-none-eabi-10.3-2021.07/bin/../lib/gcc/arm-none-eabi/10.3.1/thumb/v6-m/nofp/crtn.o
 .bss           0x0000000000000000        0x0 /Users/chenxiaonian/tool/gcc-arm-none-eabi-10.3-2021.07-mac-10.14.6/gcc-arm-none-eabi-10.3-2021.07/bin/../lib/gcc/arm-none-eabi/10.3.1/thumb/v6-m/nofp/crtn.o

Memory Configuration

Name             Origin             Length             Attributes
RAM              0x0000000020000000 0x0000000000002000 xrw
FLASH            0x0000000008000000 0x0000000000010000 xr
*default*        0x0000000000000000 0xffffffffffffffff

Linker script and memory map

LOAD /Users/chenxiaonian/tool/gcc-arm-none-eabi-10.3-2021.07-mac-10.14.6/gcc-arm-none-eabi-10.3-2021.07/bin/../lib/gcc/arm-none-eabi/10.3.1/thumb/v6-m/nofp/crti.o
LOAD /Users/chenxiaonian/tool/gcc-arm-none-eabi-10.3-2021.07-mac-10.14.6/gcc-arm-none-eabi-10.3-2021.07/bin/../lib/gcc/arm-none-eabi/10.3.1/thumb/v6-m/nofp/crtbegin.o
LOAD /Users/chenxiaonian/tool/gcc-arm-none-eabi-10.3-2021.07-mac-10.14.6/gcc-arm-none-eabi-10.3-2021.07/bin/../lib/gcc/arm-none-eabi/10.3.1/../../../../arm-none-eabi/lib/thumb/v6-m/nofp/crt0.o
LOAD build/main.o
LOAD build/delay.o
LOAD build/hk32f0xx_it.o
LOAD build/led.o
LOAD build/hk32f0xx_gpio.o
LOAD build/hk32f0xx_misc.o
LOAD build/hk32f0xx_rcc.o
LOAD build/system_hk32f0xx.o
LOAD build/startup_hk32f030x8_gcc.o
LOAD /Users/chenxiaonian/tool/gcc-arm-none-eabi-10.3-2021.07-mac-10.14.6/gcc-arm-none-eabi-10.3-2021.07/bin/../lib/gcc/arm-none-eabi/10.3.1/../../../../arm-none-eabi/lib/thumb/v6-m/nofp/libc_nano.a
LOAD /Users/chenxiaonian/tool/gcc-arm-none-eabi-10.3-2021.07-mac-10.14.6/gcc-arm-none-eabi-10.3-2021.07/bin/../lib/gcc/arm-none-eabi/10.3.1/../../../../arm-none-eabi/lib/thumb/v6-m/nofp/libm.a
LOAD /Users/chenxiaonian/tool/gcc-arm-none-eabi-10.3-2021.07-mac-10.14.6/gcc-arm-none-eabi-10.3-2021.07/bin/../lib/gcc/arm-none-eabi/10.3.1/../../../../arm-none-eabi/lib/thumb/v6-m/nofp/libnosys.a
START GROUP
LOAD /Users/chenxiaonian/tool/gcc-arm-none-eabi-10.3-2021.07-mac-10.14.6/gcc-arm-none-eabi-10.3-2021.07/bin/../lib/gcc/arm-none-eabi/10.3.1/thumb/v6-m/nofp/libgcc.a
LOAD /Users/chenxiaonian/tool/gcc-arm-none-eabi-10.3-2021.07-mac-10.14.6/gcc-arm-none-eabi-10.3-2021.07/bin/../lib/gcc/arm-none-eabi/10.3.1/../../../../arm-none-eabi/lib/thumb/v6-m/nofp/libc_nano.a
END GROUP
START GROUP
LOAD /Users/chenxiaonian/tool/gcc-arm-none-eabi-10.3-2021.07-mac-10.14.6/gcc-arm-none-eabi-10.3-2021.07/bin/../lib/gcc/arm-none-eabi/10.3.1/thumb/v6-m/nofp/libgcc.a
LOAD /Users/chenxiaonian/tool/gcc-arm-none-eabi-10.3-2021.07-mac-10.14.6/gcc-arm-none-eabi-10.3-2021.07/bin/../lib/gcc/arm-none-eabi/10.3.1/../../../../arm-none-eabi/lib/thumb/v6-m/nofp/libc_nano.a
END GROUP
LOAD /Users/chenxiaonian/tool/gcc-arm-none-eabi-10.3-2021.07-mac-10.14.6/gcc-arm-none-eabi-10.3-2021.07/bin/../lib/gcc/arm-none-eabi/10.3.1/thumb/v6-m/nofp/crtend.o
LOAD /Users/chenxiaonian/tool/gcc-arm-none-eabi-10.3-2021.07-mac-10.14.6/gcc-arm-none-eabi-10.3-2021.07/bin/../lib/gcc/arm-none-eabi/10.3.1/thumb/v6-m/nofp/crtn.o
                0x0000000020002000                _estack = 0x20002000
                0x0000000000000200                _Min_Heap_Size = 0x200
                0x0000000000000400                _Min_Stack_Size = 0x400

.isr_vector     0x0000000008000000       0xc0
                0x0000000008000000                . = ALIGN (0x4)
 *(.isr_vector)
 .isr_vector    0x0000000008000000       0xc0 build/startup_hk32f030x8_gcc.o
                0x0000000008000000                g_pfnVectors
                0x00000000080000c0                . = ALIGN (0x4)

.text           0x00000000080000c0      0x4fc
                0x00000000080000c0                . = ALIGN (0x4)
 *(.text)
 .text          0x00000000080000c0       0x48 /Users/chenxiaonian/tool/gcc-arm-none-eabi-10.3-2021.07-mac-10.14.6/gcc-arm-none-eabi-10.3-2021.07/bin/../lib/gcc/arm-none-eabi/10.3.1/thumb/v6-m/nofp/crtbegin.o
 .text          0x0000000008000108      0x114 /Users/chenxiaonian/tool/gcc-arm-none-eabi-10.3-2021.07-mac-10.14.6/gcc-arm-none-eabi-10.3-2021.07/bin/../lib/gcc/arm-none-eabi/10.3.1/thumb/v6-m/nofp/libgcc.a(_udivsi3.o)
                0x0000000008000108                __udivsi3
                0x0000000008000108                __aeabi_uidiv
                0x0000000008000214                __aeabi_uidivmod
 .text          0x000000000800021c        0x4 /Users/chenxiaonian/tool/gcc-arm-none-eabi-10.3-2021.07-mac-10.14.6/gcc-arm-none-eabi-10.3-2021.07/bin/../lib/gcc/arm-none-eabi/10.3.1/thumb/v6-m/nofp/libgcc.a(_dvmd_tls.o)
                0x000000000800021c                __aeabi_ldiv0
                0x000000000800021c                __aeabi_idiv0
 *(.text*)
 .text.main     0x0000000008000220       0x22 build/main.o
                0x0000000008000220                main
 *fill*         0x0000000008000242        0x2 
 .text.delay_init
                0x0000000008000244       0x38 build/delay.o
                0x0000000008000244                delay_init
 .text.delay_ms
                0x000000000800027c       0x40 build/delay.o
                0x000000000800027c                delay_ms
 .text.NMI_Handler
                0x00000000080002bc        0x2 build/hk32f0xx_it.o
                0x00000000080002bc                NMI_Handler
 .text.HardFault_Handler
                0x00000000080002be        0x2 build/hk32f0xx_it.o
                0x00000000080002be                HardFault_Handler
 .text.SVC_Handler
                0x00000000080002c0        0x2 build/hk32f0xx_it.o
                0x00000000080002c0                SVC_Handler
 .text.PendSV_Handler
                0x00000000080002c2        0x2 build/hk32f0xx_it.o
                0x00000000080002c2                PendSV_Handler
 .text.SysTick_Handler
                0x00000000080002c4        0x2 build/hk32f0xx_it.o
                0x00000000080002c4                SysTick_Handler
 *fill*         0x00000000080002c6        0x2 
 .text.Led_On   0x00000000080002c8       0x14 build/led.o
                0x00000000080002c8                Led_On
 .text.Led_Off  0x00000000080002dc       0x14 build/led.o
                0x00000000080002dc                Led_Off
 .text.Led_Init
                0x00000000080002f0       0x38 build/led.o
                0x00000000080002f0                Led_Init
 .text.GPIO_Init
                0x0000000008000328       0x84 build/hk32f0xx_gpio.o
                0x0000000008000328                GPIO_Init
 .text.GPIO_SetBits
                0x00000000080003ac        0x4 build/hk32f0xx_gpio.o
                0x00000000080003ac                GPIO_SetBits
 .text.GPIO_ResetBits
                0x00000000080003b0        0x4 build/hk32f0xx_gpio.o
                0x00000000080003b0                GPIO_ResetBits
 .text.SysTick_CLKSourceConfig
                0x00000000080003b4       0x20 build/hk32f0xx_misc.o
                0x00000000080003b4                SysTick_CLKSourceConfig
 .text.RCC_AHBPeriphClockCmd
                0x00000000080003d4       0x1c build/hk32f0xx_rcc.o
                0x00000000080003d4                RCC_AHBPeriphClockCmd
 .text.SetSysClock
                0x00000000080003f0       0xb4 build/system_hk32f0xx.o
 .text.SystemInit
                0x00000000080004a4       0x64 build/system_hk32f0xx.o
                0x00000000080004a4                SystemInit
 .text.Reset_Handler
                0x0000000008000508       0x50 build/startup_hk32f030x8_gcc.o
                0x0000000008000508                Reset_Handler
 .text.Default_Handler
                0x0000000008000558        0x2 build/startup_hk32f030x8_gcc.o
                0x0000000008000558                TIM1_BRK_UP_TRG_COM_IRQHandler
                0x0000000008000558                TIM6_IRQHandler
                0x0000000008000558                I2C1_IRQHandler
                0x0000000008000558                SPI1_IRQHandler
                0x0000000008000558                EXTI2_3_IRQHandler
                0x0000000008000558                ADC1_IRQHandler
                0x0000000008000558                I2C2_IRQHandler
                0x0000000008000558                TIM17_IRQHandler
                0x0000000008000558                RTC_IRQHandler
                0x0000000008000558                TIM16_IRQHandler
                0x0000000008000558                TIM3_IRQHandler
                0x0000000008000558                EXTI4_15_IRQHandler
                0x0000000008000558                RCC_IRQHandler
                0x0000000008000558                DMA1_Channel1_IRQHandler
                0x0000000008000558                Default_Handler
                0x0000000008000558                TIM14_IRQHandler
                0x0000000008000558                DMA1_Channel4_5_IRQHandler
                0x0000000008000558                TIM15_IRQHandler
                0x0000000008000558                EXTI0_1_IRQHandler
                0x0000000008000558                SPI2_IRQHandler
                0x0000000008000558                WWDG_IRQHandler
                0x0000000008000558                DMA1_Channel2_3_IRQHandler
                0x0000000008000558                USART2_IRQHandler
                0x0000000008000558                FLASH_IRQHandler
                0x0000000008000558                USART1_IRQHandler
                0x0000000008000558                TIM1_CC_IRQHandler
 *fill*         0x000000000800055a        0x2 
 .text.__libc_init_array
                0x000000000800055c       0x48 /Users/chenxiaonian/tool/gcc-arm-none-eabi-10.3-2021.07-mac-10.14.6/gcc-arm-none-eabi-10.3-2021.07/bin/../lib/gcc/arm-none-eabi/10.3.1/../../../../arm-none-eabi/lib/thumb/v6-m/nofp/libc_nano.a(lib_a-init.o)
                0x000000000800055c                __libc_init_array
 *(.glue_7)
 .glue_7        0x00000000080005a4        0x0 linker stubs
 *(.glue_7t)
 .glue_7t       0x00000000080005a4        0x0 linker stubs
 *(.eh_frame)
 .eh_frame      0x00000000080005a4        0x0 /Users/chenxiaonian/tool/gcc-arm-none-eabi-10.3-2021.07-mac-10.14.6/gcc-arm-none-eabi-10.3-2021.07/bin/../lib/gcc/arm-none-eabi/10.3.1/thumb/v6-m/nofp/crtbegin.o
 *(.init)
 .init          0x00000000080005a4        0x4 /Users/chenxiaonian/tool/gcc-arm-none-eabi-10.3-2021.07-mac-10.14.6/gcc-arm-none-eabi-10.3-2021.07/bin/../lib/gcc/arm-none-eabi/10.3.1/thumb/v6-m/nofp/crti.o
                0x00000000080005a4                _init
 .init          0x00000000080005a8        0x8 /Users/chenxiaonian/tool/gcc-arm-none-eabi-10.3-2021.07-mac-10.14.6/gcc-arm-none-eabi-10.3-2021.07/bin/../lib/gcc/arm-none-eabi/10.3.1/thumb/v6-m/nofp/crtn.o
 *(.fini)
 .fini          0x00000000080005b0        0x4 /Users/chenxiaonian/tool/gcc-arm-none-eabi-10.3-2021.07-mac-10.14.6/gcc-arm-none-eabi-10.3-2021.07/bin/../lib/gcc/arm-none-eabi/10.3.1/thumb/v6-m/nofp/crti.o
                0x00000000080005b0                _fini
 .fini          0x00000000080005b4        0x8 /Users/chenxiaonian/tool/gcc-arm-none-eabi-10.3-2021.07-mac-10.14.6/gcc-arm-none-eabi-10.3-2021.07/bin/../lib/gcc/arm-none-eabi/10.3.1/thumb/v6-m/nofp/crtn.o
                0x00000000080005bc                . = ALIGN (0x4)
                0x00000000080005bc                _etext = .

.vfp11_veneer   0x00000000080005bc        0x0
 .vfp11_veneer  0x00000000080005bc        0x0 linker stubs

.v4_bx          0x00000000080005bc        0x0
 .v4_bx         0x00000000080005bc        0x0 linker stubs

.iplt           0x00000000080005bc        0x0
 .iplt          0x00000000080005bc        0x0 /Users/chenxiaonian/tool/gcc-arm-none-eabi-10.3-2021.07-mac-10.14.6/gcc-arm-none-eabi-10.3-2021.07/bin/../lib/gcc/arm-none-eabi/10.3.1/thumb/v6-m/nofp/crtbegin.o

.rel.dyn        0x00000000080005bc        0x0
 .rel.iplt      0x00000000080005bc        0x0 /Users/chenxiaonian/tool/gcc-arm-none-eabi-10.3-2021.07-mac-10.14.6/gcc-arm-none-eabi-10.3-2021.07/bin/../lib/gcc/arm-none-eabi/10.3.1/thumb/v6-m/nofp/crtbegin.o

.rodata         0x00000000080005bc        0x0
                0x00000000080005bc                . = ALIGN (0x4)
 *(.rodata)
 *(.rodata*)
                0x00000000080005bc                . = ALIGN (0x4)

.ARM.extab
 *(.ARM.extab* .gnu.linkonce.armextab.*)

.ARM            0x00000000080005bc        0x0
                0x00000000080005bc                __exidx_start = .
 *(.ARM.exidx*)
                0x00000000080005bc                __exidx_end = .

.preinit_array  0x00000000080005bc        0x0
                0x00000000080005bc                PROVIDE (__preinit_array_start = .)
 *(.preinit_array*)
                0x00000000080005bc                PROVIDE (__preinit_array_end = .)

.init_array     0x00000000080005bc        0x4
                0x00000000080005bc                PROVIDE (__init_array_start = .)
 *(SORT_BY_NAME(.init_array.*))
 *(.init_array*)
 .init_array    0x00000000080005bc        0x4 /Users/chenxiaonian/tool/gcc-arm-none-eabi-10.3-2021.07-mac-10.14.6/gcc-arm-none-eabi-10.3-2021.07/bin/../lib/gcc/arm-none-eabi/10.3.1/thumb/v6-m/nofp/crtbegin.o
                0x00000000080005c0                PROVIDE (__init_array_end = .)

.fini_array     0x00000000080005c0        0x4
                [!provide]                        PROVIDE (__fini_array_start = .)
 *(SORT_BY_NAME(.fini_array.*))
 *(.fini_array*)
 .fini_array    0x00000000080005c0        0x4 /Users/chenxiaonian/tool/gcc-arm-none-eabi-10.3-2021.07-mac-10.14.6/gcc-arm-none-eabi-10.3-2021.07/bin/../lib/gcc/arm-none-eabi/10.3.1/thumb/v6-m/nofp/crtbegin.o
                [!provide]                        PROVIDE (__fini_array_end = .)
                0x00000000080005c4                _sidata = LOADADDR (.data)

.data           0x0000000020000000        0x4 load address 0x00000000080005c4
                0x0000000020000000                . = ALIGN (0x4)
                0x0000000020000000                _sdata = .
 *(.data)
 *(.data*)
 .data.SystemCoreClock
                0x0000000020000000        0x4 build/system_hk32f0xx.o
                0x0000000020000000                SystemCoreClock
                0x0000000020000004                . = ALIGN (0x4)
                0x0000000020000004                _edata = .

.igot.plt       0x0000000020000004        0x0 load address 0x00000000080005c8
 .igot.plt      0x0000000020000004        0x0 /Users/chenxiaonian/tool/gcc-arm-none-eabi-10.3-2021.07-mac-10.14.6/gcc-arm-none-eabi-10.3-2021.07/bin/../lib/gcc/arm-none-eabi/10.3.1/thumb/v6-m/nofp/crtbegin.o
                0x0000000020000004                . = ALIGN (0x4)

.bss            0x0000000020000004       0x20 load address 0x00000000080005c8
                0x0000000020000004                _sbss = .
                0x0000000020000004                __bss_start__ = _sbss
 *(.bss)
 .bss           0x0000000020000004       0x1c /Users/chenxiaonian/tool/gcc-arm-none-eabi-10.3-2021.07-mac-10.14.6/gcc-arm-none-eabi-10.3-2021.07/bin/../lib/gcc/arm-none-eabi/10.3.1/thumb/v6-m/nofp/crtbegin.o
 *(.bss*)
 .bss.fac_ms    0x0000000020000020        0x2 build/delay.o
 .bss.fac_us    0x0000000020000022        0x1 build/delay.o
 *(COMMON)
                0x0000000020000024                . = ALIGN (0x4)
 *fill*         0x0000000020000023        0x1 
                0x0000000020000024                _ebss = .
                0x0000000020000024                __bss_end__ = _ebss

._user_heap_stack
                0x0000000020000024      0x604 load address 0x00000000080005c8
                0x0000000020000028                . = ALIGN (0x8)
 *fill*         0x0000000020000024        0x4 
                [!provide]                        PROVIDE (end = .)
                [!provide]                        PROVIDE (_end = .)
                0x0000000020000228                . = (. + _Min_Heap_Size)
 *fill*         0x0000000020000028      0x200 
                0x0000000020000628                . = (. + _Min_Stack_Size)
 *fill*         0x0000000020000228      0x400 
                0x0000000020000628                . = ALIGN (0x8)

/DISCARD/
 libc.a(*)
 libm.a(*)
 libgcc.a(*)

.ARM.attributes
                0x0000000000000000       0x28
 *(.ARM.attributes)
 .ARM.attributes
                0x0000000000000000       0x1e /Users/chenxiaonian/tool/gcc-arm-none-eabi-10.3-2021.07-mac-10.14.6/gcc-arm-none-eabi-10.3-2021.07/bin/../lib/gcc/arm-none-eabi/10.3.1/thumb/v6-m/nofp/crti.o
 .ARM.attributes
                0x000000000000001e       0x2c /Users/chenxiaonian/tool/gcc-arm-none-eabi-10.3-2021.07-mac-10.14.6/gcc-arm-none-eabi-10.3-2021.07/bin/../lib/gcc/arm-none-eabi/10.3.1/thumb/v6-m/nofp/crtbegin.o
 .ARM.attributes
                0x000000000000004a       0x2c build/main.o
 .ARM.attributes
                0x0000000000000076       0x2c build/delay.o
 .ARM.attributes
                0x00000000000000a2       0x2c build/hk32f0xx_it.o
 .ARM.attributes
                0x00000000000000ce       0x2c build/led.o
 .ARM.attributes
                0x00000000000000fa       0x2c build/hk32f0xx_gpio.o
 .ARM.attributes
                0x0000000000000126       0x2c build/hk32f0xx_misc.o
 .ARM.attributes
                0x0000000000000152       0x2c build/hk32f0xx_rcc.o
 .ARM.attributes
                0x000000000000017e       0x2c build/system_hk32f0xx.o
 .ARM.attributes
                0x00000000000001aa       0x21 build/startup_hk32f030x8_gcc.o
 .ARM.attributes
                0x00000000000001cb       0x2c /Users/chenxiaonian/tool/gcc-arm-none-eabi-10.3-2021.07-mac-10.14.6/gcc-arm-none-eabi-10.3-2021.07/bin/../lib/gcc/arm-none-eabi/10.3.1/../../../../arm-none-eabi/lib/thumb/v6-m/nofp/libc_nano.a(lib_a-init.o)
 .ARM.attributes
                0x00000000000001f7       0x1e /Users/chenxiaonian/tool/gcc-arm-none-eabi-10.3-2021.07-mac-10.14.6/gcc-arm-none-eabi-10.3-2021.07/bin/../lib/gcc/arm-none-eabi/10.3.1/thumb/v6-m/nofp/libgcc.a(_udivsi3.o)
 .ARM.attributes
                0x0000000000000215       0x1e /Users/chenxiaonian/tool/gcc-arm-none-eabi-10.3-2021.07-mac-10.14.6/gcc-arm-none-eabi-10.3-2021.07/bin/../lib/gcc/arm-none-eabi/10.3.1/thumb/v6-m/nofp/libgcc.a(_dvmd_tls.o)
 .ARM.attributes
                0x0000000000000233       0x1e /Users/chenxiaonian/tool/gcc-arm-none-eabi-10.3-2021.07-mac-10.14.6/gcc-arm-none-eabi-10.3-2021.07/bin/../lib/gcc/arm-none-eabi/10.3.1/thumb/v6-m/nofp/crtn.o
OUTPUT(build/app.elf elf32-littlearm)
LOAD linker stubs
LOAD /Users/chenxiaonian/tool/gcc-arm-none-eabi-10.3-2021.07-mac-10.14.6/gcc-arm-none-eabi-10.3-2021.07/bin/../lib/gcc/arm-none-eabi/10.3.1/../../../../arm-none-eabi/lib/thumb/v6-m/nofp/libc.a
LOAD /Users/chenxiaonian/tool/gcc-arm-none-eabi-10.3-2021.07-mac-10.14.6/gcc-arm-none-eabi-10.3-2021.07/bin/../lib/gcc/arm-none-eabi/10.3.1/../../../../arm-none-eabi/lib/thumb/v6-m/nofp/libm.a
LOAD /Users/chenxiaonian/tool/gcc-arm-none-eabi-10.3-2021.07-mac-10.14.6/gcc-arm-none-eabi-10.3-2021.07/bin/../lib/gcc/arm-none-eabi/10.3.1/thumb/v6-m/nofp/libgcc.a

.debug_info     0x0000000000000000     0x2493
 .debug_info    0x0000000000000000      0x12d build/main.o
 .debug_info    0x000000000000012d      0x23c build/delay.o
 .debug_info    0x0000000000000369       0xde build/hk32f0xx_it.o
 .debug_info    0x0000000000000447      0x3fb build/led.o
 .debug_info    0x0000000000000842      0x811 build/hk32f0xx_gpio.o
 .debug_info    0x0000000000001053      0x3df build/hk32f0xx_misc.o
 .debug_info    0x0000000000001432      0xc96 build/hk32f0xx_rcc.o
 .debug_info    0x00000000000020c8      0x3a9 build/system_hk32f0xx.o
 .debug_info    0x0000000000002471       0x22 build/startup_hk32f030x8_gcc.o

.debug_abbrev   0x0000000000000000      0xb4e
 .debug_abbrev  0x0000000000000000       0x8d build/main.o
 .debug_abbrev  0x000000000000008d      0x153 build/delay.o
 .debug_abbrev  0x00000000000001e0       0x46 build/hk32f0xx_it.o
 .debug_abbrev  0x0000000000000226      0x153 build/led.o
 .debug_abbrev  0x0000000000000379      0x249 build/hk32f0xx_gpio.o
 .debug_abbrev  0x00000000000005c2      0x160 build/hk32f0xx_misc.o
 .debug_abbrev  0x0000000000000722      0x29d build/hk32f0xx_rcc.o
 .debug_abbrev  0x00000000000009bf      0x17d build/system_hk32f0xx.o
 .debug_abbrev  0x0000000000000b3c       0x12 build/startup_hk32f030x8_gcc.o

.debug_loc      0x0000000000000000     0x1103
 .debug_loc     0x0000000000000000       0x20 build/main.o
 .debug_loc     0x0000000000000020       0x94 build/delay.o
 .debug_loc     0x00000000000000b4       0x6c build/led.o
 .debug_loc     0x0000000000000120      0x3e3 build/hk32f0xx_gpio.o
 .debug_loc     0x0000000000000503       0xb9 build/hk32f0xx_misc.o
 .debug_loc     0x00000000000005bc      0x97c build/hk32f0xx_rcc.o
 .debug_loc     0x0000000000000f38      0x1cb build/system_hk32f0xx.o

.debug_aranges  0x0000000000000000      0x328
 .debug_aranges
                0x0000000000000000       0x20 build/main.o
 .debug_aranges
                0x0000000000000020       0x30 build/delay.o
 .debug_aranges
                0x0000000000000050       0x40 build/hk32f0xx_it.o
 .debug_aranges
                0x0000000000000090       0x30 build/led.o
 .debug_aranges
                0x00000000000000c0       0x80 build/hk32f0xx_gpio.o
 .debug_aranges
                0x0000000000000140       0x30 build/hk32f0xx_misc.o
 .debug_aranges
                0x0000000000000170      0x160 build/hk32f0xx_rcc.o
 .debug_aranges
                0x00000000000002d0       0x30 build/system_hk32f0xx.o
 .debug_aranges
                0x0000000000000300       0x28 build/startup_hk32f030x8_gcc.o

.debug_ranges   0x0000000000000000      0x2a0
 .debug_ranges  0x0000000000000000       0x10 build/main.o
 .debug_ranges  0x0000000000000010       0x20 build/delay.o
 .debug_ranges  0x0000000000000030       0x30 build/hk32f0xx_it.o
 .debug_ranges  0x0000000000000060       0x20 build/led.o
 .debug_ranges  0x0000000000000080       0x70 build/hk32f0xx_gpio.o
 .debug_ranges  0x00000000000000f0       0x20 build/hk32f0xx_misc.o
 .debug_ranges  0x0000000000000110      0x150 build/hk32f0xx_rcc.o
 .debug_ranges  0x0000000000000260       0x20 build/system_hk32f0xx.o
 .debug_ranges  0x0000000000000280       0x20 build/startup_hk32f030x8_gcc.o

.debug_line     0x0000000000000000     0x1f93
 .debug_line    0x0000000000000000       0x76 build/main.o
 .debug_line    0x0000000000000076      0x2e4 build/delay.o
 .debug_line    0x000000000000035a       0xa0 build/hk32f0xx_it.o
 .debug_line    0x00000000000003fa      0x229 build/led.o
 .debug_line    0x0000000000000623      0x55c build/hk32f0xx_gpio.o
 .debug_line    0x0000000000000b7f      0x2ea build/hk32f0xx_misc.o
 .debug_line    0x0000000000000e69      0xccc build/hk32f0xx_rcc.o
 .debug_line    0x0000000000001b35      0x3e4 build/system_hk32f0xx.o
 .debug_line    0x0000000000001f19       0x7a build/startup_hk32f030x8_gcc.o

.debug_str      0x0000000000000000      0xd50
 .debug_str     0x0000000000000000      0x15a build/main.o
                                        0x193 (size before relaxing)
 .debug_str     0x000000000000015a       0xa4 build/delay.o
                                        0x21f (size before relaxing)
 .debug_str     0x00000000000001fe       0x5b build/hk32f0xx_it.o
                                        0x1a1 (size before relaxing)
 .debug_str     0x0000000000000259      0x203 build/led.o
                                        0x389 (size before relaxing)
 .debug_str     0x000000000000045c      0x174 build/hk32f0xx_gpio.o
                                        0x4bf (size before relaxing)
 .debug_str     0x00000000000005d0      0x13b build/hk32f0xx_misc.o
                                        0x313 (size before relaxing)
 .debug_str     0x000000000000070b      0x593 build/hk32f0xx_rcc.o
                                        0x7ca (size before relaxing)
 .debug_str     0x0000000000000c9e       0x8b build/system_hk32f0xx.o
                                        0x2ce (size before relaxing)
 .debug_str     0x0000000000000d29       0x27 build/startup_hk32f030x8_gcc.o
                                         0x59 (size before relaxing)

.comment        0x0000000000000000       0x49
 .comment       0x0000000000000000       0x49 build/main.o
                                         0x4a (size before relaxing)
 .comment       0x0000000000000049       0x4a build/delay.o
 .comment       0x0000000000000049       0x4a build/hk32f0xx_it.o
 .comment       0x0000000000000049       0x4a build/led.o
 .comment       0x0000000000000049       0x4a build/hk32f0xx_gpio.o
 .comment       0x0000000000000049       0x4a build/hk32f0xx_misc.o
 .comment       0x0000000000000049       0x4a build/hk32f0xx_rcc.o
 .comment       0x0000000000000049       0x4a build/system_hk32f0xx.o

.debug_frame    0x0000000000000000      0x5d8
 .debug_frame   0x0000000000000000       0x28 build/main.o
 .debug_frame   0x0000000000000028       0x48 build/delay.o
 .debug_frame   0x0000000000000070       0x60 build/hk32f0xx_it.o
 .debug_frame   0x00000000000000d0       0x58 build/led.o
 .debug_frame   0x0000000000000128      0x104 build/hk32f0xx_gpio.o
 .debug_frame   0x000000000000022c       0x4c build/hk32f0xx_misc.o
 .debug_frame   0x0000000000000278      0x2c0 build/hk32f0xx_rcc.o
 .debug_frame   0x0000000000000538       0x54 build/system_hk32f0xx.o
 .debug_frame   0x000000000000058c       0x2c /Users/chenxiaonian/tool/gcc-arm-none-eabi-10.3-2021.07-mac-10.14.6/gcc-arm-none-eabi-10.3-2021.07/bin/../lib/gcc/arm-none-eabi/10.3.1/../../../../arm-none-eabi/lib/thumb/v6-m/nofp/libc_nano.a(lib_a-init.o)
 .debug_frame   0x00000000000005b8       0x20 /Users/chenxiaonian/tool/gcc-arm-none-eabi-10.3-2021.07-mac-10.14.6/gcc-arm-none-eabi-10.3-2021.07/bin/../lib/gcc/arm-none-eabi/10.3.1/thumb/v6-m/nofp/libgcc.a(_udivsi3.o)

Cross Reference Table

Symbol                                            File
ADC1_IRQHandler                                   build/startup_hk32f030x8_gcc.o
AHBPrescTable                                     build/system_hk32f0xx.o
DMA1_Channel1_IRQHandler                          build/startup_hk32f030x8_gcc.o
DMA1_Channel2_3_IRQHandler                        build/startup_hk32f030x8_gcc.o
DMA1_Channel4_5_IRQHandler                        build/startup_hk32f030x8_gcc.o
Default_Handler                                   build/startup_hk32f030x8_gcc.o
EXTI0_1_IRQHandler                                build/startup_hk32f030x8_gcc.o
EXTI2_3_IRQHandler                                build/startup_hk32f030x8_gcc.o
EXTI4_15_IRQHandler                               build/startup_hk32f030x8_gcc.o
FLASH_IRQHandler                                  build/startup_hk32f030x8_gcc.o
GPIO_DeInit                                       build/hk32f0xx_gpio.o
GPIO_Init                                         build/hk32f0xx_gpio.o
                                                  build/led.o
GPIO_PinAFConfig                                  build/hk32f0xx_gpio.o
GPIO_PinLockConfig                                build/hk32f0xx_gpio.o
GPIO_ReadInputData                                build/hk32f0xx_gpio.o
GPIO_ReadInputDataBit                             build/hk32f0xx_gpio.o
GPIO_ReadOutputData                               build/hk32f0xx_gpio.o
GPIO_ReadOutputDataBit                            build/hk32f0xx_gpio.o
GPIO_ResetBits                                    build/hk32f0xx_gpio.o
                                                  build/led.o
GPIO_SetBits                                      build/hk32f0xx_gpio.o
                                                  build/led.o
GPIO_StructInit                                   build/hk32f0xx_gpio.o
GPIO_Write                                        build/hk32f0xx_gpio.o
GPIO_WriteBit                                     build/hk32f0xx_gpio.o
HardFault_Handler                                 build/hk32f0xx_it.o
I2C1_IRQHandler                                   build/startup_hk32f030x8_gcc.o
I2C2_IRQHandler                                   build/startup_hk32f030x8_gcc.o
Led_Init                                          build/led.o
                                                  build/main.o
Led_Off                                           build/led.o
                                                  build/main.o
Led_On                                            build/led.o
                                                  build/main.o
NMI_Handler                                       build/hk32f0xx_it.o
NVIC_Init                                         build/hk32f0xx_misc.o
NVIC_SystemLPConfig                               build/hk32f0xx_misc.o
PendSV_Handler                                    build/hk32f0xx_it.o
RCC_ADCCLKConfig                                  build/hk32f0xx_rcc.o
RCC_AHBPeriphClockCmd                             build/hk32f0xx_rcc.o
                                                  build/led.o
RCC_AHBPeriphResetCmd                             build/hk32f0xx_rcc.o
                                                  build/hk32f0xx_gpio.o
RCC_APB1PeriphClockCmd                            build/hk32f0xx_rcc.o
RCC_APB1PeriphResetCmd                            build/hk32f0xx_rcc.o
RCC_APB2PeriphClockCmd                            build/hk32f0xx_rcc.o
RCC_APB2PeriphResetCmd                            build/hk32f0xx_rcc.o
RCC_AdjustHSI14CalibrationValue                   build/hk32f0xx_rcc.o
RCC_AdjustHSICalibrationValue                     build/hk32f0xx_rcc.o
RCC_BackupResetCmd                                build/hk32f0xx_rcc.o
RCC_CECCLKConfig                                  build/hk32f0xx_rcc.o
RCC_ClearFlag                                     build/hk32f0xx_rcc.o
RCC_ClearITPendingBit                             build/hk32f0xx_rcc.o
RCC_ClockSecuritySystemCmd                        build/hk32f0xx_rcc.o
RCC_DeInit                                        build/hk32f0xx_rcc.o
RCC_GetClocksFreq                                 build/hk32f0xx_rcc.o
RCC_GetFlagStatus                                 build/hk32f0xx_rcc.o
RCC_GetITStatus                                   build/hk32f0xx_rcc.o
RCC_GetSYSCLKSource                               build/hk32f0xx_rcc.o
RCC_HCLKConfig                                    build/hk32f0xx_rcc.o
RCC_HSEConfig                                     build/hk32f0xx_rcc.o
RCC_HSI14ADCRequestCmd                            build/hk32f0xx_rcc.o
RCC_HSI14Cmd                                      build/hk32f0xx_rcc.o
RCC_HSI48Cmd                                      build/hk32f0xx_rcc.o
RCC_HSICmd                                        build/hk32f0xx_rcc.o
RCC_I2CCLKConfig                                  build/hk32f0xx_rcc.o
RCC_IRQHandler                                    build/startup_hk32f030x8_gcc.o
RCC_ITConfig                                      build/hk32f0xx_rcc.o
RCC_LSEConfig                                     build/hk32f0xx_rcc.o
RCC_LSEDriveConfig                                build/hk32f0xx_rcc.o
RCC_LSICmd                                        build/hk32f0xx_rcc.o
RCC_MCOConfig                                     build/hk32f0xx_rcc.o
RCC_PCLKConfig                                    build/hk32f0xx_rcc.o
RCC_PLLCmd                                        build/hk32f0xx_rcc.o
RCC_PLLConfig                                     build/hk32f0xx_rcc.o
RCC_PREDIV1Config                                 build/hk32f0xx_rcc.o
RCC_RTCCLKCmd                                     build/hk32f0xx_rcc.o
RCC_RTCCLKConfig                                  build/hk32f0xx_rcc.o
RCC_SYSCLKConfig                                  build/hk32f0xx_rcc.o
RCC_USARTCLKConfig                                build/hk32f0xx_rcc.o
RCC_USBCLKConfig                                  build/hk32f0xx_rcc.o
RCC_WaitForHSEStartUp                             build/hk32f0xx_rcc.o
RTC_IRQHandler                                    build/startup_hk32f030x8_gcc.o
Reset_Handler                                     build/startup_hk32f030x8_gcc.o
SPI1_IRQHandler                                   build/startup_hk32f030x8_gcc.o
SPI2_IRQHandler                                   build/startup_hk32f030x8_gcc.o
SVC_Handler                                       build/hk32f0xx_it.o
SysTick_CLKSourceConfig                           build/hk32f0xx_misc.o
                                                  build/delay.o
SysTick_Handler                                   build/hk32f0xx_it.o
SystemCoreClock                                   build/system_hk32f0xx.o
                                                  build/delay.o
SystemCoreClockUpdate                             build/system_hk32f0xx.o
SystemInit                                        build/system_hk32f0xx.o
                                                  build/startup_hk32f030x8_gcc.o
TIM14_IRQHandler                                  build/startup_hk32f030x8_gcc.o
TIM15_IRQHandler                                  build/startup_hk32f030x8_gcc.o
TIM16_IRQHandler                                  build/startup_hk32f030x8_gcc.o
TIM17_IRQHandler                                  build/startup_hk32f030x8_gcc.o
TIM1_BRK_UP_TRG_COM_IRQHandler                    build/startup_hk32f030x8_gcc.o
TIM1_CC_IRQHandler                                build/startup_hk32f030x8_gcc.o
TIM3_IRQHandler                                   build/startup_hk32f030x8_gcc.o
TIM6_IRQHandler                                   build/startup_hk32f030x8_gcc.o
USART1_IRQHandler                                 build/startup_hk32f030x8_gcc.o
USART2_IRQHandler                                 build/startup_hk32f030x8_gcc.o
WWDG_IRQHandler                                   build/startup_hk32f030x8_gcc.o
__aeabi_idiv0                                     /Users/chenxiaonian/tool/gcc-arm-none-eabi-10.3-2021.07-mac-10.14.6/gcc-arm-none-eabi-10.3-2021.07/bin/../lib/gcc/arm-none-eabi/10.3.1/thumb/v6-m/nofp/libgcc.a(_dvmd_tls.o)
                                                  /Users/chenxiaonian/tool/gcc-arm-none-eabi-10.3-2021.07-mac-10.14.6/gcc-arm-none-eabi-10.3-2021.07/bin/../lib/gcc/arm-none-eabi/10.3.1/thumb/v6-m/nofp/libgcc.a(_udivsi3.o)
__aeabi_ldiv0                                     /Users/chenxiaonian/tool/gcc-arm-none-eabi-10.3-2021.07-mac-10.14.6/gcc-arm-none-eabi-10.3-2021.07/bin/../lib/gcc/arm-none-eabi/10.3.1/thumb/v6-m/nofp/libgcc.a(_dvmd_tls.o)
__aeabi_uidiv                                     /Users/chenxiaonian/tool/gcc-arm-none-eabi-10.3-2021.07-mac-10.14.6/gcc-arm-none-eabi-10.3-2021.07/bin/../lib/gcc/arm-none-eabi/10.3.1/thumb/v6-m/nofp/libgcc.a(_udivsi3.o)
                                                  build/system_hk32f0xx.o
                                                  build/hk32f0xx_rcc.o
                                                  build/delay.o
__aeabi_uidivmod                                  /Users/chenxiaonian/tool/gcc-arm-none-eabi-10.3-2021.07-mac-10.14.6/gcc-arm-none-eabi-10.3-2021.07/bin/../lib/gcc/arm-none-eabi/10.3.1/thumb/v6-m/nofp/libgcc.a(_udivsi3.o)
__bss_end__                                       /Users/chenxiaonian/tool/gcc-arm-none-eabi-10.3-2021.07-mac-10.14.6/gcc-arm-none-eabi-10.3-2021.07/bin/../lib/gcc/arm-none-eabi/10.3.1/../../../../arm-none-eabi/lib/thumb/v6-m/nofp/crt0.o
__bss_start__                                     /Users/chenxiaonian/tool/gcc-arm-none-eabi-10.3-2021.07-mac-10.14.6/gcc-arm-none-eabi-10.3-2021.07/bin/../lib/gcc/arm-none-eabi/10.3.1/../../../../arm-none-eabi/lib/thumb/v6-m/nofp/crt0.o
__call_exitprocs                                  /Users/chenxiaonian/tool/gcc-arm-none-eabi-10.3-2021.07-mac-10.14.6/gcc-arm-none-eabi-10.3-2021.07/bin/../lib/gcc/arm-none-eabi/10.3.1/../../../../arm-none-eabi/lib/thumb/v6-m/nofp/libc_nano.a(lib_a-exit.o)
__deregister_frame_info                           /Users/chenxiaonian/tool/gcc-arm-none-eabi-10.3-2021.07-mac-10.14.6/gcc-arm-none-eabi-10.3-2021.07/bin/../lib/gcc/arm-none-eabi/10.3.1/thumb/v6-m/nofp/crtbegin.o
__dso_handle                                      /Users/chenxiaonian/tool/gcc-arm-none-eabi-10.3-2021.07-mac-10.14.6/gcc-arm-none-eabi-10.3-2021.07/bin/../lib/gcc/arm-none-eabi/10.3.1/thumb/v6-m/nofp/crtbegin.o
__init_array_end                                  /Users/chenxiaonian/tool/gcc-arm-none-eabi-10.3-2021.07-mac-10.14.6/gcc-arm-none-eabi-10.3-2021.07/bin/../lib/gcc/arm-none-eabi/10.3.1/../../../../arm-none-eabi/lib/thumb/v6-m/nofp/libc_nano.a(lib_a-init.o)
__init_array_start                                /Users/chenxiaonian/tool/gcc-arm-none-eabi-10.3-2021.07-mac-10.14.6/gcc-arm-none-eabi-10.3-2021.07/bin/../lib/gcc/arm-none-eabi/10.3.1/../../../../arm-none-eabi/lib/thumb/v6-m/nofp/libc_nano.a(lib_a-init.o)
__libc_fini_array                                 /Users/chenxiaonian/tool/gcc-arm-none-eabi-10.3-2021.07-mac-10.14.6/gcc-arm-none-eabi-10.3-2021.07/bin/../lib/gcc/arm-none-eabi/10.3.1/../../../../arm-none-eabi/lib/thumb/v6-m/nofp/crt0.o
__libc_init_array                                 /Users/chenxiaonian/tool/gcc-arm-none-eabi-10.3-2021.07-mac-10.14.6/gcc-arm-none-eabi-10.3-2021.07/bin/../lib/gcc/arm-none-eabi/10.3.1/../../../../arm-none-eabi/lib/thumb/v6-m/nofp/libc_nano.a(lib_a-init.o)
                                                  build/startup_hk32f030x8_gcc.o
                                                  /Users/chenxiaonian/tool/gcc-arm-none-eabi-10.3-2021.07-mac-10.14.6/gcc-arm-none-eabi-10.3-2021.07/bin/../lib/gcc/arm-none-eabi/10.3.1/../../../../arm-none-eabi/lib/thumb/v6-m/nofp/crt0.o
__preinit_array_end                               /Users/chenxiaonian/tool/gcc-arm-none-eabi-10.3-2021.07-mac-10.14.6/gcc-arm-none-eabi-10.3-2021.07/bin/../lib/gcc/arm-none-eabi/10.3.1/../../../../arm-none-eabi/lib/thumb/v6-m/nofp/libc_nano.a(lib_a-init.o)
__preinit_array_start                             /Users/chenxiaonian/tool/gcc-arm-none-eabi-10.3-2021.07-mac-10.14.6/gcc-arm-none-eabi-10.3-2021.07/bin/../lib/gcc/arm-none-eabi/10.3.1/../../../../arm-none-eabi/lib/thumb/v6-m/nofp/libc_nano.a(lib_a-init.o)
__register_frame_info                             /Users/chenxiaonian/tool/gcc-arm-none-eabi-10.3-2021.07-mac-10.14.6/gcc-arm-none-eabi-10.3-2021.07/bin/../lib/gcc/arm-none-eabi/10.3.1/thumb/v6-m/nofp/crtbegin.o
__sf_fake_stderr                                  /Users/chenxiaonian/tool/gcc-arm-none-eabi-10.3-2021.07-mac-10.14.6/gcc-arm-none-eabi-10.3-2021.07/bin/../lib/gcc/arm-none-eabi/10.3.1/../../../../arm-none-eabi/lib/thumb/v6-m/nofp/libc_nano.a(lib_a-impure.o)
__sf_fake_stdin                                   /Users/chenxiaonian/tool/gcc-arm-none-eabi-10.3-2021.07-mac-10.14.6/gcc-arm-none-eabi-10.3-2021.07/bin/../lib/gcc/arm-none-eabi/10.3.1/../../../../arm-none-eabi/lib/thumb/v6-m/nofp/libc_nano.a(lib_a-impure.o)
__sf_fake_stdout                                  /Users/chenxiaonian/tool/gcc-arm-none-eabi-10.3-2021.07-mac-10.14.6/gcc-arm-none-eabi-10.3-2021.07/bin/../lib/gcc/arm-none-eabi/10.3.1/../../../../arm-none-eabi/lib/thumb/v6-m/nofp/libc_nano.a(lib_a-impure.o)
__stack                                           /Users/chenxiaonian/tool/gcc-arm-none-eabi-10.3-2021.07-mac-10.14.6/gcc-arm-none-eabi-10.3-2021.07/bin/../lib/gcc/arm-none-eabi/10.3.1/../../../../arm-none-eabi/lib/thumb/v6-m/nofp/crt0.o
__udivsi3                                         /Users/chenxiaonian/tool/gcc-arm-none-eabi-10.3-2021.07-mac-10.14.6/gcc-arm-none-eabi-10.3-2021.07/bin/../lib/gcc/arm-none-eabi/10.3.1/thumb/v6-m/nofp/libgcc.a(_udivsi3.o)
_ebss                                             build/startup_hk32f030x8_gcc.o
_edata                                            build/startup_hk32f030x8_gcc.o
_estack                                           build/startup_hk32f030x8_gcc.o
_exit                                             /Users/chenxiaonian/tool/gcc-arm-none-eabi-10.3-2021.07-mac-10.14.6/gcc-arm-none-eabi-10.3-2021.07/bin/../lib/gcc/arm-none-eabi/10.3.1/../../../../arm-none-eabi/lib/thumb/v6-m/nofp/libnosys.a(_exit.o)
                                                  /Users/chenxiaonian/tool/gcc-arm-none-eabi-10.3-2021.07-mac-10.14.6/gcc-arm-none-eabi-10.3-2021.07/bin/../lib/gcc/arm-none-eabi/10.3.1/../../../../arm-none-eabi/lib/thumb/v6-m/nofp/libc_nano.a(lib_a-exit.o)
_fini                                             /Users/chenxiaonian/tool/gcc-arm-none-eabi-10.3-2021.07-mac-10.14.6/gcc-arm-none-eabi-10.3-2021.07/bin/../lib/gcc/arm-none-eabi/10.3.1/thumb/v6-m/nofp/crti.o
_global_impure_ptr                                /Users/chenxiaonian/tool/gcc-arm-none-eabi-10.3-2021.07-mac-10.14.6/gcc-arm-none-eabi-10.3-2021.07/bin/../lib/gcc/arm-none-eabi/10.3.1/../../../../arm-none-eabi/lib/thumb/v6-m/nofp/libc_nano.a(lib_a-impure.o)
                                                  /Users/chenxiaonian/tool/gcc-arm-none-eabi-10.3-2021.07-mac-10.14.6/gcc-arm-none-eabi-10.3-2021.07/bin/../lib/gcc/arm-none-eabi/10.3.1/../../../../arm-none-eabi/lib/thumb/v6-m/nofp/libc_nano.a(lib_a-exit.o)
_impure_ptr                                       /Users/chenxiaonian/tool/gcc-arm-none-eabi-10.3-2021.07-mac-10.14.6/gcc-arm-none-eabi-10.3-2021.07/bin/../lib/gcc/arm-none-eabi/10.3.1/../../../../arm-none-eabi/lib/thumb/v6-m/nofp/libc_nano.a(lib_a-impure.o)
_init                                             /Users/chenxiaonian/tool/gcc-arm-none-eabi-10.3-2021.07-mac-10.14.6/gcc-arm-none-eabi-10.3-2021.07/bin/../lib/gcc/arm-none-eabi/10.3.1/thumb/v6-m/nofp/crti.o
                                                  /Users/chenxiaonian/tool/gcc-arm-none-eabi-10.3-2021.07-mac-10.14.6/gcc-arm-none-eabi-10.3-2021.07/bin/../lib/gcc/arm-none-eabi/10.3.1/../../../../arm-none-eabi/lib/thumb/v6-m/nofp/libc_nano.a(lib_a-init.o)
_mainCRTStartup                                   /Users/chenxiaonian/tool/gcc-arm-none-eabi-10.3-2021.07-mac-10.14.6/gcc-arm-none-eabi-10.3-2021.07/bin/../lib/gcc/arm-none-eabi/10.3.1/../../../../arm-none-eabi/lib/thumb/v6-m/nofp/crt0.o
_sbss                                             build/startup_hk32f030x8_gcc.o
_sdata                                            build/startup_hk32f030x8_gcc.o
_sidata                                           build/startup_hk32f030x8_gcc.o
_stack_init                                       /Users/chenxiaonian/tool/gcc-arm-none-eabi-10.3-2021.07-mac-10.14.6/gcc-arm-none-eabi-10.3-2021.07/bin/../lib/gcc/arm-none-eabi/10.3.1/../../../../arm-none-eabi/lib/thumb/v6-m/nofp/crt0.o
_start                                            /Users/chenxiaonian/tool/gcc-arm-none-eabi-10.3-2021.07-mac-10.14.6/gcc-arm-none-eabi-10.3-2021.07/bin/../lib/gcc/arm-none-eabi/10.3.1/../../../../arm-none-eabi/lib/thumb/v6-m/nofp/crt0.o
atexit                                            /Users/chenxiaonian/tool/gcc-arm-none-eabi-10.3-2021.07-mac-10.14.6/gcc-arm-none-eabi-10.3-2021.07/bin/../lib/gcc/arm-none-eabi/10.3.1/../../../../arm-none-eabi/lib/thumb/v6-m/nofp/crt0.o
delay_init                                        build/delay.o
                                                  build/main.o
delay_ms                                          build/delay.o
                                                  build/main.o
delay_us                                          build/delay.o
exit                                              /Users/chenxiaonian/tool/gcc-arm-none-eabi-10.3-2021.07-mac-10.14.6/gcc-arm-none-eabi-10.3-2021.07/bin/../lib/gcc/arm-none-eabi/10.3.1/../../../../arm-none-eabi/lib/thumb/v6-m/nofp/libc_nano.a(lib_a-exit.o)
                                                  /Users/chenxiaonian/tool/gcc-arm-none-eabi-10.3-2021.07-mac-10.14.6/gcc-arm-none-eabi-10.3-2021.07/bin/../lib/gcc/arm-none-eabi/10.3.1/../../../../arm-none-eabi/lib/thumb/v6-m/nofp/crt0.o
g_pfnVectors                                      build/startup_hk32f030x8_gcc.o
hardware_init_hook                                /Users/chenxiaonian/tool/gcc-arm-none-eabi-10.3-2021.07-mac-10.14.6/gcc-arm-none-eabi-10.3-2021.07/bin/../lib/gcc/arm-none-eabi/10.3.1/../../../../arm-none-eabi/lib/thumb/v6-m/nofp/crt0.o
main                                              build/main.o
                                                  build/startup_hk32f030x8_gcc.o
                                                  /Users/chenxiaonian/tool/gcc-arm-none-eabi-10.3-2021.07-mac-10.14.6/gcc-arm-none-eabi-10.3-2021.07/bin/../lib/gcc/arm-none-eabi/10.3.1/../../../../arm-none-eabi/lib/thumb/v6-m/nofp/crt0.o
memset                                            /Users/chenxiaonian/tool/gcc-arm-none-eabi-10.3-2021.07-mac-10.14.6/gcc-arm-none-eabi-10.3-2021.07/bin/../lib/gcc/arm-none-eabi/10.3.1/../../../../arm-none-eabi/lib/thumb/v6-m/nofp/libc_nano.a(lib_a-memset.o)
                                                  /Users/chenxiaonian/tool/gcc-arm-none-eabi-10.3-2021.07-mac-10.14.6/gcc-arm-none-eabi-10.3-2021.07/bin/../lib/gcc/arm-none-eabi/10.3.1/../../../../arm-none-eabi/lib/thumb/v6-m/nofp/crt0.o
software_init_hook                                /Users/chenxiaonian/tool/gcc-arm-none-eabi-10.3-2021.07-mac-10.14.6/gcc-arm-none-eabi-10.3-2021.07/bin/../lib/gcc/arm-none-eabi/10.3.1/../../../../arm-none-eabi/lib/thumb/v6-m/nofp/crt0.o
